# Mappings from specific SNMP traps to the corresponding Director Native Events
# Warning! This file is case-sensitive

#ibm.snmplistener.output=petdebug.csv
#ibm.snmplistener.testfile=petdebug.bat
# ----------------------

# Specify keywords for event type
# Keywords are looked up in event.bundle key value below

# 67328 - 0x010700 - Temperature - Discretes
event.0.family=ASF
event.0.keyword.0=keyenvironmental
event.0.keyword.1=keysensor
event.0.keyword.2=keytemperature
event.0.text=keytext1
event.0.oid=1.3.6.1.4.1.3183.1.1.0.67328

event.1.family=ASF
event.1.keyword.0=keyenvironmental
event.1.keyword.1=keysensor
event.1.keyword.2=keytemperature
event.1.text=keytext1
event.1.oid=1.3.6.1.4.1.3183.1.1.0.67329

event.2.family=ASF
event.2.keyword.0=keyenvironmental
event.2.keyword.1=keysensor
event.2.keyword.2=keytemperature
event.2.text=keytext1
event.2.oid=1.3.6.1.4.1.3183.1.1.0.67330

event.3.family=ASF
event.3.keyword.0=keyenvironmental
event.3.keyword.1=keysensor
event.3.keyword.2=keytemperature
event.3.text=keytext1
event.3.oid=1.3.6.1.4.1.3183.1.1.0.67331

event.4.family=ASF
event.4.keyword.0=keyenvironmental
event.4.keyword.1=keysensor
event.4.keyword.2=keytemperature
event.4.text=keytext1
event.4.oid=1.3.6.1.4.1.3183.1.1.0.67332

event.5.family=ASF
event.5.keyword.0=keyenvironmental
event.5.keyword.1=keysensor
event.5.keyword.2=keytemperature
event.5.text=keytext1
event.5.oid=1.3.6.1.4.1.3183.1.1.0.67333

event.6.family=ASF
event.6.keyword.0=keyenvironmental
event.6.keyword.1=keysensor
event.6.keyword.2=keytemperature
event.6.text=keytext1
event.6.oid=1.3.6.1.4.1.3183.1.1.0.67334

event.7.family=ASF
event.7.keyword.0=keyenvironmental
event.7.keyword.1=keysensor
event.7.keyword.2=keytemperature
event.7.text=keytext1
event.7.oid=1.3.6.1.4.1.3183.1.1.0.67335

event.8.family=ASF
event.8.keyword.0=keyenvironmental
event.8.keyword.1=keysensor
event.8.keyword.2=keytemperature
event.8.text=keytext1
event.8.oid=1.3.6.1.4.1.3183.1.1.0.67336
# 67336 - 0x010708 - Temperature - Discretes


# 65792 - 0x010100 - Temperature - Thresholds
event.9.family=ASF
event.9.keyword.0=keyenvironmental
event.9.keyword.1=keysensor
event.9.keyword.2=keytemperature
event.9.text=keytext1
event.9.oid=1.3.6.1.4.1.3183.1.1.0.65792

event.10.family=ASF
event.10.keyword.0=keyenvironmental
event.10.keyword.1=keysensor
event.10.keyword.2=keytemperature
event.10.text=keytext1
event.10.oid=1.3.6.1.4.1.3183.1.1.0.65793

event.11.family=ASF
event.11.keyword.0=keyenvironmental
event.11.keyword.1=keysensor
event.11.keyword.2=keytemperature
event.11.text=keytext1
event.11.oid=1.3.6.1.4.1.3183.1.1.0.65794

event.12.family=ASF
event.12.keyword.0=keyenvironmental
event.12.keyword.1=keysensor
event.12.keyword.2=keytemperature
event.12.text=keytext1
event.12.oid=1.3.6.1.4.1.3183.1.1.0.65795

event.13.family=ASF
event.13.keyword.0=keyenvironmental
event.13.keyword.1=keysensor
event.13.keyword.2=keytemperature
event.13.text=keytext1
event.13.oid=1.3.6.1.4.1.3183.1.1.0.65796

event.14.family=ASF
event.14.keyword.0=keyenvironmental
event.14.keyword.1=keysensor
event.14.keyword.2=keytemperature
event.14.text=keytext1
event.14.oid=1.3.6.1.4.1.3183.1.1.0.65797

event.15.family=ASF
event.15.keyword.0=keyenvironmental
event.15.keyword.1=keysensor
event.15.keyword.2=keytemperature
event.15.text=keytext1
event.15.oid=1.3.6.1.4.1.3183.1.1.0.65798

event.16.family=ASF
event.16.keyword.0=keyenvironmental
event.16.keyword.1=keysensor
event.16.keyword.2=keytemperature
event.16.text=keytext1
event.16.oid=1.3.6.1.4.1.3183.1.1.0.65799

event.17.family=ASF
event.17.keyword.0=keyenvironmental
event.17.keyword.1=keysensor
event.17.keyword.2=keytemperature
event.17.text=keytext1
event.17.oid=1.3.6.1.4.1.3183.1.1.0.65800

event.18.family=ASF
event.18.keyword.0=keyenvironmental
event.18.keyword.1=keysensor
event.18.keyword.2=keytemperature
event.18.text=keytext1
event.18.oid=1.3.6.1.4.1.3183.1.1.0.65801

event.19.family=ASF
event.19.keyword.0=keyenvironmental
event.19.keyword.1=keysensor
event.19.keyword.2=keytemperature
event.19.text=keytext1
event.19.oid=1.3.6.1.4.1.3183.1.1.0.65802

event.20.family=ASF
event.20.keyword.0=keyenvironmental
event.20.keyword.1=keysensor
event.20.keyword.2=keytemperature
event.20.text=keytext1
event.20.oid=1.3.6.1.4.1.3183.1.1.0.65803
# 65803 - 0x01010b - Temperature - Thresholds


# 67456 - 0x010780 - Temperature - Discretes (Recovery)
event.105.family=ASF
event.105.keyword.0=keyenvironmental
event.105.keyword.1=keysensor
event.105.keyword.2=keytemperature
event.105.text=keytext1
event.105.oid=1.3.6.1.4.1.3183.1.1.0.67456

event.106.family=ASF
event.106.keyword.0=keyenvironmental
event.106.keyword.1=keysensor
event.106.keyword.2=keytemperature
event.106.text=keytext1
event.106.oid=1.3.6.1.4.1.3183.1.1.0.67457

event.107.family=ASF
event.107.keyword.0=keyenvironmental
event.107.keyword.1=keysensor
event.107.keyword.2=keytemperature
event.107.text=keytext1
event.107.oid=1.3.6.1.4.1.3183.1.1.0.67458

event.108.family=ASF
event.108.keyword.0=keyenvironmental
event.108.keyword.1=keysensor
event.108.keyword.2=keytemperature
event.108.text=keytext1
event.108.oid=1.3.6.1.4.1.3183.1.1.0.67459

event.109.family=ASF
event.109.keyword.0=keyenvironmental
event.109.keyword.1=keysensor
event.109.keyword.2=keytemperature
event.109.text=keytext1
event.109.oid=1.3.6.1.4.1.3183.1.1.0.67460

event.110.family=ASF
event.110.keyword.0=keyenvironmental
event.110.keyword.1=keysensor
event.110.keyword.2=keytemperature
event.110.text=keytext1
event.110.oid=1.3.6.1.4.1.3183.1.1.0.67461

event.111.family=ASF
event.111.keyword.0=keyenvironmental
event.111.keyword.1=keysensor
event.111.keyword.2=keytemperature
event.111.text=keytext1
event.111.oid=1.3.6.1.4.1.3183.1.1.0.67462

event.112.family=ASF
event.112.keyword.0=keyenvironmental
event.112.keyword.1=keysensor
event.112.keyword.2=keytemperature
event.112.text=keytext1
event.112.oid=1.3.6.1.4.1.3183.1.1.0.67463

event.113.family=ASF
event.113.keyword.0=keyenvironmental
event.113.keyword.1=keysensor
event.113.keyword.2=keytemperature
event.113.text=keytext1
event.113.oid=1.3.6.1.4.1.3183.1.1.0.67464
# 67464 - 0x010788 - Temperature - Discretes (Recovery)

# 65920 - 0x010180 - Temperature - Thresholds (Recovery)
event.114.family=ASF
event.114.keyword.0=keyenvironmental
event.114.keyword.1=keysensor
event.114.keyword.2=keytemperature
event.114.text=keytext1
event.114.oid=1.3.6.1.4.1.3183.1.1.0.65920

event.115.family=ASF
event.115.keyword.0=keyenvironmental
event.115.keyword.1=keysensor
event.115.keyword.2=keytemperature
event.115.text=keytext1
event.115.oid=1.3.6.1.4.1.3183.1.1.0.65921

event.116.family=ASF
event.116.keyword.0=keyenvironmental
event.116.keyword.1=keysensor
event.116.keyword.2=keytemperature
event.116.text=keytext1
event.116.oid=1.3.6.1.4.1.3183.1.1.0.65922

event.117.family=ASF
event.117.keyword.0=keyenvironmental
event.117.keyword.1=keysensor
event.117.keyword.2=keytemperature
event.117.text=keytext1
event.117.oid=1.3.6.1.4.1.3183.1.1.0.65923

event.118.family=ASF
event.118.keyword.0=keyenvironmental
event.118.keyword.1=keysensor
event.118.keyword.2=keytemperature
event.118.text=keytext1
event.118.oid=1.3.6.1.4.1.3183.1.1.0.65924

event.119.family=ASF
event.119.keyword.0=keyenvironmental
event.119.keyword.1=keysensor
event.119.keyword.2=keytemperature
event.119.text=keytext1
event.119.oid=1.3.6.1.4.1.3183.1.1.0.65925

event.120.family=ASF
event.120.keyword.0=keyenvironmental
event.120.keyword.1=keysensor
event.120.keyword.2=keytemperature
event.120.text=keytext1
event.120.oid=1.3.6.1.4.1.3183.1.1.0.65926

event.121.family=ASF
event.121.keyword.0=keyenvironmental
event.121.keyword.1=keysensor
event.121.keyword.2=keytemperature
event.121.text=keytext1
event.121.oid=1.3.6.1.4.1.3183.1.1.0.65927

event.122.family=ASF
event.122.keyword.0=keyenvironmental
event.122.keyword.1=keysensor
event.122.keyword.2=keytemperature
event.122.text=keytext1
event.122.oid=1.3.6.1.4.1.3183.1.1.0.65928

event.123.family=ASF
event.123.keyword.0=keyenvironmental
event.123.keyword.1=keysensor
event.123.keyword.2=keytemperature
event.123.text=keytext1
event.123.oid=1.3.6.1.4.1.3183.1.1.0.65929

event.124.family=ASF
event.124.keyword.0=keyenvironmental
event.124.keyword.1=keysensor
event.124.keyword.2=keytemperature
event.124.text=keytext1
event.124.oid=1.3.6.1.4.1.3183.1.1.0.65930

event.125.family=ASF
event.125.keyword.0=keyenvironmental
event.125.keyword.1=keysensor
event.125.keyword.2=keytemperature
event.125.text=keytext1
event.125.oid=1.3.6.1.4.1.3183.1.1.0.65931
# 65931 - 0x01018b - Temperature - Thresholds (Recovery)


# 131328 - 0x020100 - Voltage - Thresholds
event.21.family=ASF
event.21.keyword.0=keyenvironmental
event.21.keyword.1=keysensor
event.21.keyword.2=keyvoltage
event.21.eventvar.0=ENTITYINSTANCE
event.21.text=keytext2
event.21.oid=1.3.6.1.4.1.3183.1.1.0.131328

event.22.family=ASF
event.22.keyword.0=keyenvironmental
event.22.keyword.1=keysensor
event.22.keyword.2=keyvoltage
event.22.eventvar.0=ENTITYINSTANCE
event.22.text=keytext2
event.22.oid=1.3.6.1.4.1.3183.1.1.0.131329

event.23.family=ASF
event.23.keyword.0=keyenvironmental
event.23.keyword.1=keysensor
event.23.keyword.2=keyvoltage
event.23.eventvar.0=ENTITYINSTANCE
event.23.text=keytext2
event.23.oid=1.3.6.1.4.1.3183.1.1.0.131330

event.24.family=ASF
event.24.keyword.0=keyenvironmental
event.24.keyword.1=keysensor
event.24.keyword.2=keyvoltage
event.24.eventvar.0=ENTITYINSTANCE
event.24.text=keytext2
event.24.oid=1.3.6.1.4.1.3183.1.1.0.131331

event.25.family=ASF
event.25.keyword.0=keyenvironmental
event.25.keyword.1=keysensor
event.25.keyword.2=keyvoltage
event.25.eventvar.0=ENTITYINSTANCE
event.25.text=keytext2
event.25.oid=1.3.6.1.4.1.3183.1.1.0.131332

event.26.family=ASF
event.26.keyword.0=keyenvironmental
event.26.keyword.1=keysensor
event.26.keyword.2=keyvoltage
event.26.eventvar.0=ENTITYINSTANCE
event.26.text=keytext2
event.26.oid=1.3.6.1.4.1.3183.1.1.0.131333

event.27.family=ASF
event.27.keyword.0=keyenvironmental
event.27.keyword.1=keysensor
event.27.keyword.2=keyvoltage
event.27.eventvar.0=ENTITYINSTANCE
event.27.text=keytext2
event.27.oid=1.3.6.1.4.1.3183.1.1.0.131334

event.28.family=ASF
event.28.keyword.0=keyenvironmental
event.28.keyword.1=keysensor
event.28.keyword.2=keyvoltage
event.28.eventvar.0=ENTITYINSTANCE
event.28.text=keytext2
event.28.oid=1.3.6.1.4.1.3183.1.1.0.131335

event.29.family=ASF
event.29.keyword.0=keyenvironmental
event.29.keyword.1=keysensor
event.29.keyword.2=keyvoltage
event.29.eventvar.0=ENTITYINSTANCE
event.29.text=keytext2
event.29.oid=1.3.6.1.4.1.3183.1.1.0.131336

event.30.family=ASF
event.30.keyword.0=keyenvironmental
event.30.keyword.1=keysensor
event.30.keyword.2=keyvoltage
event.30.eventvar.0=ENTITYINSTANCE
event.30.text=keytext2
event.30.oid=1.3.6.1.4.1.3183.1.1.0.131337

event.31.family=ASF
event.31.keyword.0=keyenvironmental
event.31.keyword.1=keysensor
event.31.keyword.2=keyvoltage
event.31.eventvar.0=ENTITYINSTANCE
event.31.text=keytext2
event.31.oid=1.3.6.1.4.1.3183.1.1.0.131338

event.32.family=ASF
event.32.keyword.0=keyenvironmental
event.32.keyword.1=keysensor
event.32.keyword.2=keyvoltage
event.32.eventvar.0=ENTITYINSTANCE
event.32.text=keytext2
event.32.oid=1.3.6.1.4.1.3183.1.1.0.131339
# 131339 - 0x02010b - Voltage - Thresholds

# 132864 - 0x020700 - Voltage - Discretes
event.33.family=ASF
event.33.keyword.0=keyenvironmental
event.33.keyword.1=keysensor
event.33.keyword.2=keyvoltage
event.33.eventvar.0=ENTITYINSTANCE
event.33.text=keytext2
event.33.oid=1.3.6.1.4.1.3183.1.1.0.132864

event.34.family=ASF
event.34.keyword.0=keyenvironmental
event.34.keyword.1=keysensor
event.34.keyword.2=keyvoltage
event.34.eventvar.0=ENTITYINSTANCE
event.34.text=keytext2
event.34.oid=1.3.6.1.4.1.3183.1.1.0.132865

event.35.family=ASF
event.35.keyword.0=keyenvironmental
event.35.keyword.1=keysensor
event.35.keyword.2=keyvoltage
event.35.eventvar.0=ENTITYINSTANCE
event.35.text=keytext2
event.35.oid=1.3.6.1.4.1.3183.1.1.0.132866

event.36.family=ASF
event.36.keyword.0=keyenvironmental
event.36.keyword.1=keysensor
event.36.keyword.2=keyvoltage
event.36.eventvar.0=ENTITYINSTANCE
event.36.text=keytext2
event.36.oid=1.3.6.1.4.1.3183.1.1.0.132867

event.37.family=ASF
event.37.keyword.0=keyenvironmental
event.37.keyword.1=keysensor
event.37.keyword.2=keyvoltage
event.37.eventvar.0=ENTITYINSTANCE
event.37.text=keytext2
event.37.oid=1.3.6.1.4.1.3183.1.1.0.132868

event.38.family=ASF
event.38.keyword.0=keyenvironmental
event.38.keyword.1=keysensor
event.38.keyword.2=keyvoltage
event.38.eventvar.0=ENTITYINSTANCE
event.38.text=keytext2
event.38.oid=1.3.6.1.4.1.3183.1.1.0.132869

event.39.family=ASF
event.39.keyword.0=keyenvironmental
event.39.keyword.1=keysensor
event.39.keyword.2=keyvoltage
event.39.eventvar.0=ENTITYINSTANCE
event.39.text=keytext2
event.39.oid=1.3.6.1.4.1.3183.1.1.0.132870

event.40.family=ASF
event.40.keyword.0=keyenvironmental
event.40.keyword.1=keysensor
event.40.keyword.2=keyvoltage
event.40.eventvar.0=ENTITYINSTANCE
event.40.text=keytext2
event.40.oid=1.3.6.1.4.1.3183.1.1.0.132871

event.41.family=ASF
event.41.keyword.0=keyenvironmental
event.41.keyword.1=keysensor
event.41.keyword.2=keyvoltage
event.41.eventvar.0=ENTITYINSTANCE
event.41.text=keytext2
event.41.oid=1.3.6.1.4.1.3183.1.1.0.132872
# 132872 - 0x020708 - Voltage - Discretes


# 131456 - 0x020180 - Voltage - Thresholds (Recovery)

event.126.family=ASF
event.126.keyword.0=keyenvironmental
event.126.keyword.1=keysensor
event.126.keyword.2=keyvoltage
event.126.eventvar.0=ENTITYINSTANCE
event.126.text=keytext2
event.126.oid=1.3.6.1.4.1.3183.1.1.0.131456

event.127.family=ASF
event.127.keyword.0=keyenvironmental
event.127.keyword.1=keysensor
event.127.keyword.2=keyvoltage
event.127.eventvar.0=ENTITYINSTANCE
event.127.text=keytext2
event.127.oid=1.3.6.1.4.1.3183.1.1.0.131457

event.128.family=ASF
event.128.keyword.0=keyenvironmental
event.128.keyword.1=keysensor
event.128.keyword.2=keyvoltage
event.128.eventvar.0=ENTITYINSTANCE
event.128.text=keytext2
event.128.oid=1.3.6.1.4.1.3183.1.1.0.131458

event.129.family=ASF
event.129.keyword.0=keyenvironmental
event.129.keyword.1=keysensor
event.129.keyword.2=keyvoltage
event.129.eventvar.0=ENTITYINSTANCE
event.129.text=keytext2
event.129.oid=1.3.6.1.4.1.3183.1.1.0.131459

event.130.family=ASF
event.130.keyword.0=keyenvironmental
event.130.keyword.1=keysensor
event.130.keyword.2=keyvoltage
event.130.eventvar.0=ENTITYINSTANCE
event.130.text=keytext2
event.130.oid=1.3.6.1.4.1.3183.1.1.0.131460

event.131.family=ASF
event.131.keyword.0=keyenvironmental
event.131.keyword.1=keysensor
event.131.keyword.2=keyvoltage
event.131.eventvar.0=ENTITYINSTANCE
event.131.text=keytext2
event.131.oid=1.3.6.1.4.1.3183.1.1.0.131461

event.132.family=ASF
event.132.keyword.0=keyenvironmental
event.132.keyword.1=keysensor
event.132.keyword.2=keyvoltage
event.132.eventvar.0=ENTITYINSTANCE
event.132.text=keytext2
event.132.oid=1.3.6.1.4.1.3183.1.1.0.131462

event.133.family=ASF
event.133.keyword.0=keyenvironmental
event.133.keyword.1=keysensor
event.133.keyword.2=keyvoltage
event.133.eventvar.0=ENTITYINSTANCE
event.133.text=keytext2
event.133.oid=1.3.6.1.4.1.3183.1.1.0.131463

event.134.family=ASF
event.134.keyword.0=keyenvironmental
event.134.keyword.1=keysensor
event.134.keyword.2=keyvoltage
event.134.eventvar.0=ENTITYINSTANCE
event.134.text=keytext2
event.134.oid=1.3.6.1.4.1.3183.1.1.0.131464

event.135.family=ASF
event.135.keyword.0=keyenvironmental
event.135.keyword.1=keysensor
event.135.keyword.2=keyvoltage
event.135.eventvar.0=ENTITYINSTANCE
event.135.text=keytext2
event.135.oid=1.3.6.1.4.1.3183.1.1.0.131465

event.136.family=ASF
event.136.keyword.0=keyenvironmental
event.136.keyword.1=keysensor
event.136.keyword.2=keyvoltage
event.136.eventvar.0=ENTITYINSTANCE
event.136.text=keytext2
event.136.oid=1.3.6.1.4.1.3183.1.1.0.131466

event.137.family=ASF
event.137.keyword.0=keyenvironmental
event.137.keyword.1=keysensor
event.137.keyword.2=keyvoltage
event.137.eventvar.0=ENTITYINSTANCE
event.137.text=keytext2
event.137.oid=1.3.6.1.4.1.3183.1.1.0.131467
# 131467 - 0x02018b - Voltage - Thresholds (Recovery)

# 132992 - 0x020780 - Voltage - Discretes (Recovery)
event.138.family=ASF
event.138.keyword.0=keyenvironmental
event.138.keyword.1=keysensor
event.138.keyword.2=keyvoltage
event.138.eventvar.0=ENTITYINSTANCE
event.138.text=keytext2
event.138.oid=1.3.6.1.4.1.3183.1.1.0.132992

event.139.family=ASF
event.139.keyword.0=keyenvironmental
event.139.keyword.1=keysensor
event.139.keyword.2=keyvoltage
event.139.eventvar.0=ENTITYINSTANCE
event.139.text=keytext2
event.139.oid=1.3.6.1.4.1.3183.1.1.0.132993

event.140.family=ASF
event.140.keyword.0=keyenvironmental
event.140.keyword.1=keysensor
event.140.keyword.2=keyvoltage
event.140.eventvar.0=ENTITYINSTANCE
event.140.text=keytext2
event.140.oid=1.3.6.1.4.1.3183.1.1.0.132994

event.141.family=ASF
event.141.keyword.0=keyenvironmental
event.141.keyword.1=keysensor
event.141.keyword.2=keyvoltage
event.141.eventvar.0=ENTITYINSTANCE
event.141.text=keytext2
event.141.oid=1.3.6.1.4.1.3183.1.1.0.132995

event.142.family=ASF
event.142.keyword.0=keyenvironmental
event.142.keyword.1=keysensor
event.142.keyword.2=keyvoltage
event.142.eventvar.0=ENTITYINSTANCE
event.142.text=keytext2
event.142.oid=1.3.6.1.4.1.3183.1.1.0.132996

event.143.family=ASF
event.143.keyword.0=keyenvironmental
event.143.keyword.1=keysensor
event.143.keyword.2=keyvoltage
event.143.eventvar.0=ENTITYINSTANCE
event.143.text=keytext2
event.143.oid=1.3.6.1.4.1.3183.1.1.0.132997

event.144.family=ASF
event.144.keyword.0=keyenvironmental
event.144.keyword.1=keysensor
event.144.keyword.2=keyvoltage
event.144.eventvar.0=ENTITYINSTANCE
event.144.text=keytext2
event.144.oid=1.3.6.1.4.1.3183.1.1.0.132998

event.145.family=ASF
event.145.keyword.0=keyenvironmental
event.145.keyword.1=keysensor
event.145.keyword.2=keyvoltage
event.145.eventvar.0=ENTITYINSTANCE
event.145.text=keytext2
event.145.oid=1.3.6.1.4.1.3183.1.1.0.132999

event.146.family=ASF
event.146.keyword.0=keyenvironmental
event.146.keyword.1=keysensor
event.146.keyword.2=keyvoltage
event.146.eventvar.0=ENTITYINSTANCE
event.146.text=keytext2
event.146.oid=1.3.6.1.4.1.3183.1.1.0.133000
# 133000 - 0x020788 - Voltage - Discretes (Recovery)


# 133889 - 0x020b01 - Voltage - Discrete - Redundancy Lost
event.42.family=ASF
event.42.keyword.0=keyenvironmental
event.42.keyword.1=keysensor
event.42.keyword.2=keypowersupply
event.42.text=keytext171
event.42.oid=1.3.6.1.4.1.3183.1.1.0.133889

# 134017 - 0x020b81 - Voltage - Discrete - Redundancy Lost (Recovery)
event.147.family=ASF
event.147.keyword.0=keyenvironmental
event.147.keyword.1=keysensor
event.147.keyword.2=keypowersupply
event.147.text=keytext171
event.147.oid=1.3.6.1.4.1.3183.1.1.0.134017


# 133888 - 0x020b00 - Voltage - Discrete - Redundancy Regained
event.148.family=ASF
event.148.keyword.0=keyenvironmental
event.148.keyword.1=keysensor
event.148.keyword.2=keypowersupply
event.148.text=keytext172
event.148.oid=1.3.6.1.4.1.3183.1.1.0.133888


# 134016 - 0x020b00 - Voltage - Discrete - Redundancy Regained (Recovery)
event.149.family=ASF
event.149.keyword.0=keyenvironmental
event.149.keyword.1=keysensor
event.149.keyword.2=keypowersupply
event.149.text=keytext172
event.149.oid=1.3.6.1.4.1.3183.1.1.0.134016


# 133890 - 0x020b02 - Voltage - Discrete - Redundancy Degraded
event.150.family=ASF
event.150.keyword.0=keyenvironmental
event.150.keyword.1=keysensor
event.150.keyword.2=keypowersupply
event.150.text=keytext173
event.150.oid=1.3.6.1.4.1.3183.1.1.0.133890

# 134018 - 0x020b82 - Voltage - Discrete - Redundancy Degraded (Recovery)
event.151.family=ASF
event.151.keyword.0=keyenvironmental
event.151.keyword.1=keysensor
event.151.keyword.2=keypowersupply
event.151.text=keytext173
event.151.oid=1.3.6.1.4.1.3183.1.1.0.134018


# 263168 - 0x040400 - Fan - Digital - Deasserted
event.43.family=ASF
event.43.keyword.0=keyenvironmental
event.43.keyword.1=keysensor
event.43.keyword.2=keyfan
event.43.eventvar.0=ENTITYINSTANCE
event.43.text=keytext3
event.43.oid=1.3.6.1.4.1.3183.1.1.0.263168
        
# 263169 - 0x040401 - Fan - Digital - Asserted
event.44.family=ASF
event.44.keyword.0=keyenvironmental
event.44.keyword.1=keysensor
event.44.keyword.2=keyfan
event.44.eventvar.0=ENTITYINSTANCE
event.44.text=keytext3
event.44.oid=1.3.6.1.4.1.3183.1.1.0.263169


# 263936 - 0x040700 - Fan - Discretes
event.45.family=ASF
event.45.keyword.0=keyenvironmental
event.45.keyword.1=keysensor
event.45.keyword.2=keyfan
event.45.eventvar.0=ENTITYINSTANCE
event.45.text=keytext3
event.45.oid=1.3.6.1.4.1.3183.1.1.0.263936

event.46.family=ASF
event.46.keyword.0=keyenvironmental
event.46.keyword.1=keysensor
event.46.keyword.2=keyfan
event.46.eventvar.0=ENTITYINSTANCE
event.46.text=keytext3
event.46.oid=1.3.6.1.4.1.3183.1.1.0.263937

event.47.family=ASF
event.47.keyword.0=keyenvironmental
event.47.keyword.1=keysensor
event.47.keyword.2=keyfan
event.47.eventvar.0=ENTITYINSTANCE
event.47.text=keytext3
event.47.oid=1.3.6.1.4.1.3183.1.1.0.263938

event.48.family=ASF
event.48.keyword.0=keyenvironmental
event.48.keyword.1=keysensor
event.48.keyword.2=keyfan
event.48.eventvar.0=ENTITYINSTANCE
event.48.text=keytext3
event.48.oid=1.3.6.1.4.1.3183.1.1.0.263939

event.49.family=ASF
event.49.keyword.0=keyenvironmental
event.49.keyword.1=keysensor
event.49.keyword.2=keyfan
event.49.eventvar.0=ENTITYINSTANCE
event.49.text=keytext3
event.49.oid=1.3.6.1.4.1.3183.1.1.0.263940

event.50.family=ASF
event.50.keyword.0=keyenvironmental
event.50.keyword.1=keysensor
event.50.keyword.2=keyfan
event.50.eventvar.0=ENTITYINSTANCE
event.50.text=keytext3
event.50.oid=1.3.6.1.4.1.3183.1.1.0.263941

event.51.family=ASF
event.51.keyword.0=keyenvironmental
event.51.keyword.1=keysensor
event.51.keyword.2=keyfan
event.51.eventvar.0=ENTITYINSTANCE
event.51.text=keytext3
event.51.oid=1.3.6.1.4.1.3183.1.1.0.263942

event.52.family=ASF
event.52.keyword.0=keyenvironmental
event.52.keyword.1=keysensor
event.52.keyword.2=keyfan
event.52.eventvar.0=ENTITYINSTANCE
event.52.text=keytext3
event.52.oid=1.3.6.1.4.1.3183.1.1.0.263943

event.53.family=ASF
event.53.keyword.0=keyenvironmental
event.53.keyword.1=keysensor
event.53.keyword.2=keyfan
event.53.eventvar.0=ENTITYINSTANCE
event.53.text=keytext3
event.53.oid=1.3.6.1.4.1.3183.1.1.0.263944
# 263944 - 0x040708 - Fan - Discretes


# 263296 - 0x040480 - Fan - Digital - Deasserted (Recovery)
event.154.family=ASF
event.154.keyword.0=keyenvironmental
event.154.keyword.1=keysensor
event.154.keyword.2=keyfan
event.154.eventvar.0=ENTITYINSTANCE
event.154.text=keytext3
event.154.oid=1.3.6.1.4.1.3183.1.1.0.263296

event.155.family=ASF
event.155.keyword.0=keyenvironmental
event.155.keyword.1=keysensor
event.155.keyword.2=keyfan
event.155.eventvar.0=ENTITYINSTANCE
event.155.text=keytext3
event.155.oid=1.3.6.1.4.1.3183.1.1.0.263297
# 263297 - 0x040481 - Fan - Digital - Asserted (Recovery)

# 264064 - 0x040780 - Fan - Discretes (Recovery)
event.156.family=ASF
event.156.keyword.0=keyenvironmental
event.156.keyword.1=keysensor
event.156.keyword.2=keyfan
event.156.eventvar.0=ENTITYINSTANCE
event.156.text=keytext3
event.156.oid=1.3.6.1.4.1.3183.1.1.0.264064

event.157.family=ASF
event.157.keyword.0=keyenvironmental
event.157.keyword.1=keysensor
event.157.keyword.2=keyfan
event.157.eventvar.0=ENTITYINSTANCE
event.157.text=keytext3
event.157.oid=1.3.6.1.4.1.3183.1.1.0.264065

event.158.family=ASF
event.158.keyword.0=keyenvironmental
event.158.keyword.1=keysensor
event.158.keyword.2=keyfan
event.158.eventvar.0=ENTITYINSTANCE
event.158.text=keytext3
event.158.oid=1.3.6.1.4.1.3183.1.1.0.264066

event.159.family=ASF
event.159.keyword.0=keyenvironmental
event.159.keyword.1=keysensor
event.159.keyword.2=keyfan
event.159.eventvar.0=ENTITYINSTANCE
event.159.text=keytext3
event.159.oid=1.3.6.1.4.1.3183.1.1.0.264067

event.160.family=ASF
event.160.keyword.0=keyenvironmental
event.160.keyword.1=keysensor
event.160.keyword.2=keyfan
event.160.eventvar.0=ENTITYINSTANCE
event.160.text=keytext3
event.160.oid=1.3.6.1.4.1.3183.1.1.0.264068

event.161.family=ASF
event.161.keyword.0=keyenvironmental
event.161.keyword.1=keysensor
event.161.keyword.2=keyfan
event.161.eventvar.0=ENTITYINSTANCE
event.161.text=keytext3
event.161.oid=1.3.6.1.4.1.3183.1.1.0.264069

event.162.family=ASF
event.162.keyword.0=keyenvironmental
event.162.keyword.1=keysensor
event.162.keyword.2=keyfan
event.162.eventvar.0=ENTITYINSTANCE
event.162.text=keytext3
event.162.oid=1.3.6.1.4.1.3183.1.1.0.264070

event.163.family=ASF
event.163.keyword.0=keyenvironmental
event.163.keyword.1=keysensor
event.163.keyword.2=keyfan
event.163.eventvar.0=ENTITYINSTANCE
event.163.text=keytext3
event.163.oid=1.3.6.1.4.1.3183.1.1.0.264071

event.164.family=ASF
event.164.keyword.0=keyenvironmental
event.164.keyword.1=keysensor
event.164.keyword.2=keyfan
event.164.eventvar.0=ENTITYINSTANCE
event.164.text=keytext3
event.164.oid=1.3.6.1.4.1.3183.1.1.0.264072
# 264072 - 0x040788 - Fan - Discretes (Recovery)


# 264192 - 0x040800 - Fan Removed
event.54.family=ASF
event.54.keyword.0=keyenvironmental
event.54.keyword.1=keysensor
event.54.keyword.2=keyfan
event.54.eventvar.0=ENTITYINSTANCE
event.54.text=keytext131
event.54.oid=1.3.6.1.4.1.3183.1.1.0.264192


# 264320 - 0x040880 - Fan Removed (Recovery)
event.152.family=ASF
event.152.keyword.0=keyenvironmental
event.152.keyword.1=keysensor
event.152.keyword.2=keyfan
event.152.eventvar.0=ENTITYINSTANCE
event.152.text=keytext131
event.152.oid=1.3.6.1.4.1.3183.1.1.0.264320

# 264193 - 0x040801 - Fan Inserted
event.55.family=ASF
event.55.keyword.0=keyenvironmental
event.55.keyword.1=keysensor
event.55.keyword.2=keyfan
event.55.eventvar.0=ENTITYINSTANCE
event.55.text=keytext132
event.55.oid=1.3.6.1.4.1.3183.1.1.0.264193


# 264321 - 0x040881 - Fan Inserted (Recovery)
event.153.family=ASF
event.153.keyword.0=keyenvironmental
event.153.keyword.1=keysensor
event.153.keyword.2=keyfan
event.153.eventvar.0=ENTITYINSTANCE
event.153.text=keytext132
event.153.oid=1.3.6.1.4.1.3183.1.1.0.264321

event.56.family=ASF
event.56.keyword.0=keyenvironmental
event.56.keyword.1=keysensor
event.56.keyword.2=keycaseintrusion
event.56.text=keytext4
event.56.oid=1.3.6.1.4.1.3183.1.1.0.356096

event.57.family=ASF
event.57.keyword.0=keyenvironmental
event.57.keyword.1=keysensor
event.57.keyword.2=keycaseintrusion
event.57.text=keytext4
event.57.oid=1.3.6.1.4.1.3183.1.1.0.356097

event.58.family=ASF
event.58.keyword.0=keyenvironmental
event.58.keyword.1=keysensor
event.58.keyword.2=keycaseintrusion
event.58.text=keytext4
event.58.oid=1.3.6.1.4.1.3183.1.1.0.356098

event.59.family=ASF
event.59.keyword.0=keyenvironmental
event.59.keyword.1=keysensor
event.59.keyword.2=keycaseintrusion
event.59.text=keytext4
event.59.oid=1.3.6.1.4.1.3183.1.1.0.356099

event.60.family=ASF
event.60.keyword.0=keyenvironmental
event.60.keyword.1=keysensor
event.60.keyword.2=keycaseintrusion
event.60.text=keytext4
event.60.oid=1.3.6.1.4.1.3183.1.1.0.356100

event.61.family=ASF
event.61.keyword.0=keyenvironmental
event.61.keyword.1=keysensor
event.61.keyword.2=keycaseintrusion
event.61.text=keytext4
event.61.oid=1.3.6.1.4.1.3183.1.1.0.356101


# 356224 - 0x056F80 - Chassis - General Intrusion (Recovery)
event.165.family=ASF
event.165.keyword.0=keyenvironmental
event.165.keyword.1=keysensor
event.165.keyword.2=keycaseintrusion
event.165.text=keytext4
event.165.oid=1.3.6.1.4.1.3183.1.1.0.356224

event.166.family=ASF
event.166.keyword.0=keyenvironmental
event.166.keyword.1=keysensor
event.166.keyword.2=keycaseintrusion
event.166.text=keytext4
event.166.oid=1.3.6.1.4.1.3183.1.1.0.356225

event.167.family=ASF
event.167.keyword.0=keyenvironmental
event.167.keyword.1=keysensor
event.167.keyword.2=keycaseintrusion
event.167.text=keytext4
event.167.oid=1.3.6.1.4.1.3183.1.1.0.356226

event.168.family=ASF
event.168.keyword.0=keyenvironmental
event.168.keyword.1=keysensor
event.168.keyword.2=keycaseintrusion
event.168.text=keytext4
event.168.oid=1.3.6.1.4.1.3183.1.1.0.356227

event.169.family=ASF
event.169.keyword.0=keyenvironmental
event.169.keyword.1=keysensor
event.169.keyword.2=keycaseintrusion
event.169.text=keytext4
event.169.oid=1.3.6.1.4.1.3183.1.1.0.356228

event.170.family=ASF
event.170.keyword.0=keyenvironmental
event.170.keyword.1=keysensor
event.170.keyword.2=keycaseintrusion
event.170.text=keytext4
event.170.oid=1.3.6.1.4.1.3183.1.1.0.356229
# 356229 - 0x056F85 - Chassis - Unauthorized (Recovery)

event.62.family=ASF
event.62.keyword.0=keysystem
event.62.keyword.1=keyos
event.62.keyword.2=keyboot
event.62.text=keytext5
event.62.oid=1.3.6.1.4.1.3183.1.1.0.3222176


# 2125584 - 0x206F00 - OS Critical Stop during Load.
event.63.family=ASF
event.63.keyword.0=keysystem
event.63.keyword.1=keyos
event.63.keyword.2=keyoperation
event.63.text=keytext6
event.63.oid=1.3.6.1.4.1.3183.1.1.0.2125584


# 2125568 - ?? - OS Critical Stop during Load.
event.171.family=ASF
event.171.keyword.0=keysystem
event.171.keyword.1=keyos
event.171.keyword.2=keyoperation
event.171.text=keytext6
event.171.oid=1.3.6.1.4.1.3183.1.1.0.2125568

# 2125569 - ?? - OS Critical Stop during Load.
event.172.family=ASF
event.172.keyword.0=keysystem
event.172.keyword.1=keyos
event.172.keyword.2=keyoperation
event.172.text=keytext6
event.172.oid=1.3.6.1.4.1.3183.1.1.0.2125569


event.64.family=ASF
event.64.keyword.0=keysystem
event.64.keyword.1=keyos
event.64.keyword.2=keyoperation
event.64.keyword.3=keyheartbeat
event.64.text=keytext7
event.64.oid=1.3.6.1.4.1.3183.1.1.0.2453248

event.65.family=ASF
event.65.keyword.0=keyfirmware
event.65.keyword.1=keybios
event.65.keyword.2=keyprogress
event.65.text=keytext8
event.65.oid=1.3.6.1.4.1.3183.1.1.0.1011456

event.68.family=ASF
event.68.keyword.0=keyfirmware
event.68.keyword.1=keybios
event.68.keyword.2=keyprogress
event.68.text=keytext9
event.68.oid=1.3.6.1.4.1.3183.1.1.0.1011459

# 1011584 - 0x0F6F80 - (From ASF Appx A.) - System Firmware Error (Recovery)
event.173.family=ASF
event.173.keyword.0=keyfirmware
event.173.keyword.1=keybios
event.173.keyword.2=keyprogress
event.173.text=keytext8
event.173.oid=1.3.6.1.4.1.3183.1.1.0.1011584

# 1011587 - 0x0F6F83 - (From ASF Appx A.) - System Firmware Error (OEM) (Recovery)
event.176.family=ASF
event.176.keyword.0=keyfirmware
event.176.keyword.1=keybios
event.176.keyword.2=keyprogress
event.176.text=keytext8
event.176.oid=1.3.6.1.4.1.3183.1.1.0.1011587



# 1011457 - 0x0F6F01 - (From ASF Appx A.) - System Firmware Hang
event.66.family=ASF
event.66.keyword.0=keyfirmware
event.66.keyword.1=keybios
event.66.keyword.2=keyprogress
event.66.text=keytext19
event.66.oid=1.3.6.1.4.1.3183.1.1.0.1011457

# 1011460 - 0x0F6F04 - (From ASF Appx A.) - System Firmware Hang (OEM)
event.69.family=ASF
event.69.keyword.0=keyfirmware
event.69.keyword.1=keybios
event.69.keyword.2=keyprogress
event.69.text=keytext19
event.69.oid=1.3.6.1.4.1.3183.1.1.0.1011460

# 1011585 - 0x0F6F81 - (From ASF Appx A.) - System Firmware Hang (Recovery)
event.174.family=ASF
event.174.keyword.0=keyfirmware
event.174.keyword.1=keybios
event.174.keyword.2=keyprogress
event.174.text=keytext19
event.174.oid=1.3.6.1.4.1.3183.1.1.0.1011585

# 1011588 - 0x0F6F84 - (From ASF Appx A.) - System Firmware Hang (OEM) (Recovery)
event.177.family=ASF
event.177.keyword.0=keyfirmware
event.177.keyword.1=keybios
event.177.keyword.2=keyprogress
event.177.text=keytext19
event.177.oid=1.3.6.1.4.1.3183.1.1.0.1011588



# 1011458 - 0x0F6F02 - (From ASF Appx A.) - System Firmware Progress
event.67.family=ASF
event.67.keyword.0=keyfirmware
event.67.keyword.1=keybios
event.67.keyword.2=keyprogress
event.67.text=keytext9
event.67.oid=1.3.6.1.4.1.3183.1.1.0.1011458

# 1011461 - 0x0F6F05 - (From ASF Appx A.) - System Firmware Progress (OEM)
event.178.family=ASF
event.178.keyword.0=keyfirmware
event.178.keyword.1=keybios
event.178.keyword.2=keyprogress
event.178.text=keytext9
event.178.oid=1.3.6.1.4.1.3183.1.1.0.1011461

# 1011586 - 0x0F6F82 - (From ASF Appx A.) - System Firmware Progress (Recovery)
event.175.family=ASF
event.175.keyword.0=keyfirmware
event.175.keyword.1=keybios
event.175.keyword.2=keyprogress
event.175.text=keytext9
event.175.oid=1.3.6.1.4.1.3183.1.1.0.1011586

# 1011589 - 0x0F6F85 - (From ASF Appx A.) - System Firmware Progress (OEM) (Recovery)
event.179.family=ASF
event.179.keyword.0=keyfirmware
event.179.keyword.1=keybios
event.179.keyword.2=keyprogress
event.179.text=keytext9
event.179.oid=1.3.6.1.4.1.3183.1.1.0.1011589


# 1928960 - 0x1D6F00 - System Boot Initiated
event.180.family=ASF
event.180.keyword.0=keyfirmware
event.180.keyword.1=keybios
event.180.keyword.2=keyprogress
event.180.text=keytext18
event.180.oid=1.3.6.1.4.1.3183.1.1.0.1928960

event.181.family=ASF
event.181.keyword.0=keyfirmware
event.181.keyword.1=keybios
event.181.keyword.2=keyprogress
event.181.text=keytext18
event.181.oid=1.3.6.1.4.1.3183.1.1.0.1928961

event.182.family=ASF
event.182.keyword.0=keyfirmware
event.182.keyword.1=keybios
event.182.keyword.2=keyprogress
event.182.text=keytext18
event.182.oid=1.3.6.1.4.1.3183.1.1.0.1928962

event.183.family=ASF
event.183.keyword.0=keyfirmware
event.183.keyword.1=keybios
event.183.keyword.2=keyprogress
event.183.text=keytext18
event.183.oid=1.3.6.1.4.1.3183.1.1.0.1928963

event.184.family=ASF
event.184.keyword.0=keyfirmware
event.184.keyword.1=keybios
event.184.keyword.2=keyprogress
event.184.text=keytext18
event.184.oid=1.3.6.1.4.1.3183.1.1.0.1928964

# 1928964 - 0x1D6F04 - System Boot Initiated


# 196864 - 0x030100 - Current - Thresholds
event.70.family=ASF
event.70.keyword.0=keyenvironmental
event.70.keyword.1=keysensor
event.70.keyword.2=keycurrent
event.70.text=keytext10
event.70.oid=1.3.6.1.4.1.3183.1.1.0.196864

event.71.family=ASF
event.71.keyword.0=keyenvironmental
event.71.keyword.1=keysensor
event.71.keyword.2=keycurrent
event.71.text=keytext10
event.71.oid=1.3.6.1.4.1.3183.1.1.0.196865

event.72.family=ASF
event.72.keyword.0=keyenvironmental
event.72.keyword.1=keysensor
event.72.keyword.2=keycurrent
event.72.text=keytext10
event.72.oid=1.3.6.1.4.1.3183.1.1.0.196866

event.73.family=ASF
event.73.keyword.0=keyenvironmental
event.73.keyword.1=keysensor
event.73.keyword.2=keycurrent
event.73.text=keytext10
event.73.oid=1.3.6.1.4.1.3183.1.1.0.196867

event.74.family=ASF
event.74.keyword.0=keyenvironmental
event.74.keyword.1=keysensor
event.74.keyword.2=keycurrent
event.74.text=keytext10
event.74.oid=1.3.6.1.4.1.3183.1.1.0.196868

event.75.family=ASF
event.75.keyword.0=keyenvironmental
event.75.keyword.1=keysensor
event.75.keyword.2=keycurrent
event.75.text=keytext10
event.75.oid=1.3.6.1.4.1.3183.1.1.0.196869

event.76.family=ASF
event.76.keyword.0=keyenvironmental
event.76.keyword.1=keysensor
event.76.keyword.2=keycurrent
event.76.text=keytext10
event.76.oid=1.3.6.1.4.1.3183.1.1.0.196870

event.77.family=ASF
event.77.keyword.0=keyenvironmental
event.77.keyword.1=keysensor
event.77.keyword.2=keycurrent
event.77.text=keytext10
event.77.oid=1.3.6.1.4.1.3183.1.1.0.196871

event.78.family=ASF
event.78.keyword.0=keyenvironmental
event.78.keyword.1=keysensor
event.78.keyword.2=keycurrent
event.78.text=keytext10
event.78.oid=1.3.6.1.4.1.3183.1.1.0.196872

event.79.family=ASF
event.79.keyword.0=keyenvironmental
event.79.keyword.1=keysensor
event.79.keyword.2=keycurrent
event.79.text=keytext10
event.79.oid=1.3.6.1.4.1.3183.1.1.0.196873

event.80.family=ASF
event.80.keyword.0=keyenvironmental
event.80.keyword.1=keysensor
event.80.keyword.2=keycurrent
event.80.text=keytext10
event.80.oid=1.3.6.1.4.1.3183.1.1.0.196874

event.81.family=ASF
event.81.keyword.0=keyenvironmental
event.81.keyword.1=keysensor
event.81.keyword.2=keycurrent
event.81.text=keytext10
event.81.oid=1.3.6.1.4.1.3183.1.1.0.196875
# 196875 - 0x03010b - Current - Thresholds


# 198400 - 0x030700 - Current - Discretes
event.82.family=ASF
event.82.keyword.0=keyenvironmental
event.82.keyword.1=keysensor
event.82.keyword.2=keycurrent
event.82.text=keytext10
event.82.oid=1.3.6.1.4.1.3183.1.1.0.198400

event.83.family=ASF
event.83.keyword.0=keyenvironmental
event.83.keyword.1=keysensor
event.83.keyword.2=keycurrent
event.83.text=keytext10
event.83.oid=1.3.6.1.4.1.3183.1.1.0.196401

event.84.family=ASF
event.84.keyword.0=keyenvironmental
event.84.keyword.1=keysensor
event.84.keyword.2=keycurrent
event.84.text=keytext10
event.84.oid=1.3.6.1.4.1.3183.1.1.0.196402

event.85.family=ASF
event.85.keyword.0=keyenvironmental
event.85.keyword.1=keysensor
event.85.keyword.2=keycurrent
event.85.text=keytext10
event.85.oid=1.3.6.1.4.1.3183.1.1.0.196403

event.86.family=ASF
event.86.keyword.0=keyenvironmental
event.86.keyword.1=keysensor
event.86.keyword.2=keycurrent
event.86.text=keytext10
event.86.oid=1.3.6.1.4.1.3183.1.1.0.196404

event.87.family=ASF
event.87.keyword.0=keyenvironmental
event.87.keyword.1=keysensor
event.87.keyword.2=keycurrent
event.87.text=keytext10
event.87.oid=1.3.6.1.4.1.3183.1.1.0.196405

event.88.family=ASF
event.88.keyword.0=keyenvironmental
event.88.keyword.1=keysensor
event.88.keyword.2=keycurrent
event.88.text=keytext10
event.88.oid=1.3.6.1.4.1.3183.1.1.0.196406

event.89.family=ASF
event.89.keyword.0=keyenvironmental
event.89.keyword.1=keysensor
event.89.keyword.2=keycurrent
event.89.text=keytext10
event.89.oid=1.3.6.1.4.1.3183.1.1.0.196407

event.90.family=ASF
event.90.keyword.0=keyenvironmental
event.90.keyword.1=keysensor
event.90.keyword.2=keycurrent
event.90.text=keytext10
event.90.oid=1.3.6.1.4.1.3183.1.1.0.196408
# 198408 - 0x030708 - Current - Discretes

# 196992 - 0x030180 - Current - Thresholds (Recovery)
event.185.family=ASF
event.185.keyword.0=keyenvironmental
event.185.keyword.1=keysensor
event.185.keyword.2=keycurrent
event.185.text=keytext10
event.185.oid=1.3.6.1.4.1.3183.1.1.0.196992

event.186.family=ASF
event.186.keyword.0=keyenvironmental
event.186.keyword.1=keysensor
event.186.keyword.2=keycurrent
event.186.text=keytext10
event.186.oid=1.3.6.1.4.1.3183.1.1.0.196993

event.187.family=ASF
event.187.keyword.0=keyenvironmental
event.187.keyword.1=keysensor
event.187.keyword.2=keycurrent
event.187.text=keytext10
event.187.oid=1.3.6.1.4.1.3183.1.1.0.196994

event.188.family=ASF
event.188.keyword.0=keyenvironmental
event.188.keyword.1=keysensor
event.188.keyword.2=keycurrent
event.188.text=keytext10
event.188.oid=1.3.6.1.4.1.3183.1.1.0.196995

event.189.family=ASF
event.189.keyword.0=keyenvironmental
event.189.keyword.1=keysensor
event.189.keyword.2=keycurrent
event.189.text=keytext10
event.189.oid=1.3.6.1.4.1.3183.1.1.0.196996

event.190.family=ASF
event.190.keyword.0=keyenvironmental
event.190.keyword.1=keysensor
event.190.keyword.2=keycurrent
event.190.text=keytext10
event.190.oid=1.3.6.1.4.1.3183.1.1.0.196997

event.191.family=ASF
event.191.keyword.0=keyenvironmental
event.191.keyword.1=keysensor
event.191.keyword.2=keycurrent
event.191.text=keytext10
event.191.oid=1.3.6.1.4.1.3183.1.1.0.196998

event.192.family=ASF
event.192.keyword.0=keyenvironmental
event.192.keyword.1=keysensor
event.192.keyword.2=keycurrent
event.192.text=keytext10
event.192.oid=1.3.6.1.4.1.3183.1.1.0.196999

event.193.family=ASF
event.193.keyword.0=keyenvironmental
event.193.keyword.1=keysensor
event.193.keyword.2=keycurrent
event.193.text=keytext10
event.193.oid=1.3.6.1.4.1.3183.1.1.0.197000

event.194.family=ASF
event.194.keyword.0=keyenvironmental
event.194.keyword.1=keysensor
event.194.keyword.2=keycurrent
event.194.text=keytext10
event.194.oid=1.3.6.1.4.1.3183.1.1.0.197001

event.195.family=ASF
event.195.keyword.0=keyenvironmental
event.195.keyword.1=keysensor
event.195.keyword.2=keycurrent
event.195.text=keytext10
event.195.oid=1.3.6.1.4.1.3183.1.1.0.197002

event.196.family=ASF
event.196.keyword.0=keyenvironmental
event.196.keyword.1=keysensor
event.196.keyword.2=keycurrent
event.196.text=keytext10
event.196.oid=1.3.6.1.4.1.3183.1.1.0.197003
# 197003 - 0x03018b - Current - Thresholds (Recovery)

# 198528 - 0x030780 - Current - Discretes (Recovery)
event.197.family=ASF
event.197.keyword.0=keyenvironmental
event.197.keyword.1=keysensor
event.197.keyword.2=keycurrent
event.197.text=keytext10
event.197.oid=1.3.6.1.4.1.3183.1.1.0.198528

event.198.family=ASF
event.198.keyword.0=keyenvironmental
event.198.keyword.1=keysensor
event.198.keyword.2=keycurrent
event.198.text=keytext10
event.198.oid=1.3.6.1.4.1.3183.1.1.0.198529

event.199.family=ASF
event.199.keyword.0=keyenvironmental
event.199.keyword.1=keysensor
event.199.keyword.2=keycurrent
event.199.text=keytext10
event.199.oid=1.3.6.1.4.1.3183.1.1.0.198530

event.200.family=ASF
event.200.keyword.0=keyenvironmental
event.200.keyword.1=keysensor
event.200.keyword.2=keycurrent
event.200.text=keytext10
event.200.oid=1.3.6.1.4.1.3183.1.1.0.198531

event.201.family=ASF
event.201.keyword.0=keyenvironmental
event.201.keyword.1=keysensor
event.201.keyword.2=keycurrent
event.201.text=keytext10
event.201.oid=1.3.6.1.4.1.3183.1.1.0.198532

event.202.family=ASF
event.202.keyword.0=keyenvironmental
event.202.keyword.1=keysensor
event.202.keyword.2=keycurrent
event.202.text=keytext10
event.202.oid=1.3.6.1.4.1.3183.1.1.0.198533

event.203.family=ASF
event.203.keyword.0=keyenvironmental
event.203.keyword.1=keysensor
event.203.keyword.2=keycurrent
event.203.text=keytext10
event.203.oid=1.3.6.1.4.1.3183.1.1.0.198534

event.204.family=ASF
event.204.keyword.0=keyenvironmental
event.204.keyword.1=keysensor
event.204.keyword.2=keycurrent
event.204.text=keytext10
event.204.oid=1.3.6.1.4.1.3183.1.1.0.198535

event.205.family=ASF
event.205.keyword.0=keyenvironmental
event.205.keyword.1=keysensor
event.205.keyword.2=keycurrent
event.205.text=keytext10
event.205.oid=1.3.6.1.4.1.3183.1.1.0.198536
# 198536 - 0x030788 - Current - Discretes (Recovery)

# 552704 - 0x086F00 - Power Supply - Presence
event.91.family=ASF
event.91.keyword.0=keyenvironmental
event.91.keyword.1=keysensor
event.91.keyword.2=keypowersupply
event.91.text=keytext11
event.91.oid=1.3.6.1.4.1.3183.1.1.0.552704

event.92.family=ASF
event.92.keyword.0=keyenvironmental
event.92.keyword.1=keysensor
event.92.keyword.2=keypowersupply
event.92.text=keytext11
event.92.oid=1.3.6.1.4.1.3183.1.1.0.552705

event.93.family=ASF
event.93.keyword.0=keyenvironmental
event.93.keyword.1=keysensor
event.93.keyword.2=keypowersupply
event.93.text=keytext11
event.93.oid=1.3.6.1.4.1.3183.1.1.0.552706
# 552706 - 0x086F02 - Power Supply - Predictive Failure


# 552832 - 0x086F80 - Power Supply - Presence (Recovery)
event.206.family=ASF
event.206.keyword.0=keyenvironmental
event.206.keyword.1=keysensor
event.206.keyword.2=keypowersupply
event.206.text=keytext11
event.206.oid=1.3.6.1.4.1.3183.1.1.0.552832

event.207.family=ASF
event.207.keyword.0=keyenvironmental
event.207.keyword.1=keysensor
event.207.keyword.2=keypowersupply
event.207.text=keytext11
event.207.oid=1.3.6.1.4.1.3183.1.1.0.552833

event.208.family=ASF
event.208.keyword.0=keyenvironmental
event.208.keyword.1=keysensor
event.208.keyword.2=keypowersupply
event.208.text=keytext11
event.208.oid=1.3.6.1.4.1.3183.1.1.0.552834
# 552834 - 0x086F82 - Power Supply - Predictive Failure (Recovery)


# 2322176 - 0x236F00 - Watchdog2 - Expired
event.94.family=ASF
event.94.keyword.0=keyhardware
event.94.keyword.1=keywatchdog2
event.94.text=keytext12
event.94.oid=1.3.6.1.4.1.3183.1.1.0.2322176

# 2322304 - 0x236F80 - Watchdog2 - Expired (Recovery)
event.209.family=ASF
event.209.keyword.0=keyhardware
event.209.keyword.1=keywatchdog2
event.209.text=keytext12
event.209.oid=1.3.6.1.4.1.3183.1.1.0.2322304


# 854016 - 0x0D0800 - Drive Slot/Bay Removed
event.95.family=ASF
event.95.keyword.0=keyhardware
event.95.keyword.1=keydrivebay
event.95.eventvar.0=ENTITYINSTANCE
event.95.text=keytext131
event.95.oid=1.3.6.1.4.1.3183.1.1.0.854016

# 854144 - 0x0D0880 - Drive Slot/Bay Removed (Recovery)
event.210.family=ASF
event.210.keyword.0=keyhardware
event.210.keyword.1=keydrivebay
event.210.eventvar.0=ENTITYINSTANCE
event.210.text=keytext131
event.210.oid=1.3.6.1.4.1.3183.1.1.0.854144


# 854017 - 0x0D0801 - Drive Slot/Bay Inserted
event.96.family=ASF
event.96.keyword.0=keyhardware
event.96.keyword.1=keydrivebay
event.96.text=keytext132
event.96.eventvar.0=ENTITYINSTANCE
event.96.oid=1.3.6.1.4.1.3183.1.1.0.854017

# 854145 - 0x0D0881 - Drive Slot/Bay Inserted (Recovery)
event.211.family=ASF
event.211.keyword.0=keyhardware
event.211.keyword.1=keydrivebay
event.211.eventvar.0=ENTITYINSTANCE
event.211.text=keytext132
event.211.oid=1.3.6.1.4.1.3183.1.1.0.854145


# 853762 - 0x0D0702 - Drive Slot/Bay Critical
event.97.family=ASF
event.97.keyword.0=keyhardware
event.97.keyword.1=keydrivebay
event.97.eventvar.0=ENTITYINSTANCE
event.97.text=keytext134
event.97.oid=1.3.6.1.4.1.3183.1.1.0.853762

# 853890 - 0x0D0782 - Drive Slot/Bay Critical (Recovery)
event.212.family=ASF
event.212.keyword.0=keyhardware
event.212.keyword.1=keydrivebay
event.212.eventvar.0=ENTITYINSTANCE
event.212.text=keytext134
event.212.oid=1.3.6.1.4.1.3183.1.1.0.853890

# 853760 - 0x0D0700 - Drive Slot/Bay OK
event.98.family=ASF
event.98.keyword.0=keyhardware
event.98.keyword.1=keydrivebay
event.98.eventvar.0=ENTITYINSTANCE
event.98.text=keytext133
event.98.oid=1.3.6.1.4.1.3183.1.1.0.853760

# 853888 - 0x0D0780 - Drive Slot/Bay OK (Recovery)
event.213.family=ASF
event.213.keyword.0=keyhardware
event.213.keyword.1=keydrivebay
event.213.eventvar.0=ENTITYINSTANCE
event.213.text=keytext133
event.213.oid=1.3.6.1.4.1.3183.1.1.0.853888


# 1378304 - 0x150800 - Module/Board Absent
event.99.family=ASF
event.99.keyword.0=keyhardware
event.99.keyword.1=keymodule
event.99.text=keytext141
event.99.oid=1.3.6.1.4.1.3183.1.1.0.1378304

# 1378432 - 0x150880 - Module/Board Absent (Recovery)
event.214.family=ASF
event.214.keyword.0=keyhardware
event.214.keyword.1=keymodule
event.214.text=keytext141
event.214.oid=1.3.6.1.4.1.3183.1.1.0.1378432


# 1378305 - 0x150801 - Module/Board Present
event.100.family=ASF
event.100.keyword.0=keyhardware
event.100.keyword.1=keymodule
event.100.text=keytext142
event.100.oid=1.3.6.1.4.1.3183.1.1.0.1378305


# 1378433 - ?? - Module/Board Present (Recovery)
event.215.family=ASF
event.215.keyword.0=keyhardware
event.215.keyword.1=keymodule
event.215.text=keytext142
event.215.oid=1.3.6.1.4.1.3183.1.1.0.1378433


# 1443840 - 0x160800 - Microcontroller Absent
event.101.family=ASF
event.101.keyword.0=keyhardware
event.101.keyword.1=keycable
event.101.text=keytext141
event.101.oid=1.3.6.1.4.1.3183.1.1.0.1443840

# 1443968 - 0x160880 - Microcontroller Absent (Recovery)
event.216.family=ASF
event.216.keyword.0=keyhardware
event.216.keyword.1=keycable
event.216.text=keytext141
event.216.oid=1.3.6.1.4.1.3183.1.1.0.1443968

# 1443841 - 0x160801 - Microcontroller Present
event.102.family=ASF
event.102.keyword.0=keyhardware
event.102.keyword.1=keycable
event.102.text=keytext142
event.102.oid=1.3.6.1.4.1.3183.1.1.0.1443841

# 1443969 - 0x160881 - Microcontroller Present (Recovery)
event.217.family=ASF
event.217.keyword.0=keyhardware
event.217.keyword.1=keycable
event.217.text=keytext142
event.217.oid=1.3.6.1.4.1.3183.1.1.0.1443969


# 1142534 - 0x116F06 - Watchdog1 Expired
event.103.family=ASF
event.103.keyword.0=keyhardware
event.103.keyword.1=keywatchdog1
event.103.text=keytext16
event.103.oid=1.3.6.1.4.1.3183.1.1.0.1142534
       
# 1142662 - 0x116F86 - Watchdog1 Expired (Recovery)
event.218.family=ASF
event.218.keyword.0=keyhardware
event.218.keyword.1=keywatchdog1
event.218.text=keytext16
event.218.oid=1.3.6.1.4.1.3183.1.1.0.1142662

# 2492162 - 0x260702 - Monitor ASIC Critical
event.104.family=ASF
event.104.keyword.0=keyhardware
event.104.keyword.1=keymonitor
event.104.text=keytext17
event.104.oid=1.3.6.1.4.1.3183.1.1.0.2492162

# 2492290 - 0x260782 - Monitor ASIC Critical (Recovery)
event.219.family=ASF
event.219.keyword.0=keyhardware
event.219.keyword.1=keymonitor
event.219.text=keytext17
event.219.oid=1.3.6.1.4.1.3183.1.1.0.2492290


# 2558467 - 0x270A03 - LAN is now On Line
event.220.family=ASF
event.220.keyword.0=keyhardware
event.220.keyword.1=keynetwork
event.220.text=keytext201
event.220.oid=1.3.6.1.4.1.3183.1.1.0.2558467

# 2558595 - 0x270A83 - LAN is now On Line (Recovery)
event.221.family=ASF
event.221.keyword.0=keyhardware
event.221.keyword.1=keynetwork
event.221.text=keytext201
event.221.oid=1.3.6.1.4.1.3183.1.1.0.2558595


# 2558468 - 0x270A04 - LAN is now off line
event.222.family=ASF
event.222.keyword.0=keyhardware
event.222.keyword.1=keynetwork
event.222.text=keytext202
event.222.oid=1.3.6.1.4.1.3183.1.1.0.2558468

# 2558596 - 0x270A84 - LAN is now off line (Recovery)
event.223.family=ASF
event.223.keyword.0=keyhardware
event.223.keyword.1=keynetwork
event.223.text=keytext202
event.223.oid=1.3.6.1.4.1.3183.1.1.0.2558596


# 2558470 - 0x270A06 - LAN is now degraded
event.224.family=ASF
event.224.keyword.0=keyhardware
event.224.keyword.1=keynetwork
event.224.text=keytext203
event.224.oid=1.3.6.1.4.1.3183.1.1.0.2558470

# 2558598 - 0x270A86 - LAN is now degraded (Recovery)
event.225.family=ASF
event.225.keyword.0=keyhardware
event.225.keyword.1=keynetwork
event.225.text=keytext203
event.225.oid=1.3.6.1.4.1.3183.1.1.0.2558598


# 1994496 - 0x1E6F00 - Boot Error
event.226.family=ASF
event.226.keyword.0=keysystem
event.226.keyword.1=keyos
event.226.keyword.2=keyboot
event.226.text=keytext20
event.226.oid=1.3.6.1.4.1.3183.1.1.0.1994496

event.227.family=ASF
event.227.keyword.0=keysystem
event.227.keyword.1=keyos
event.227.keyword.2=keyboot
event.227.text=keytext20
event.227.oid=1.3.6.1.4.1.3183.1.1.0.1994497

event.228.family=ASF
event.228.keyword.0=keysystem
event.228.keyword.1=keyos
event.228.keyword.2=keyboot
event.228.text=keytext20
event.228.oid=1.3.6.1.4.1.3183.1.1.0.1994498

event.229.family=ASF
event.229.keyword.0=keysystem
event.229.keyword.1=keyos
event.229.keyword.2=keyboot
event.229.text=keytext20
event.229.oid=1.3.6.1.4.1.3183.1.1.0.1994499

event.230.family=ASF
event.230.keyword.0=keysystem
event.230.keyword.1=keyos
event.230.keyword.2=keyboot
event.230.text=keytext20
event.230.oid=1.3.6.1.4.1.3183.1.1.0.1994500
# 1994500 - 0x1E6F04 - Boot Error

# 1994624 - 0x1E6F80 - Boot Error (Recovery)
event.231.family=ASF
event.231.keyword.0=keysystem
event.231.keyword.1=keyos
event.231.keyword.2=keyboot
event.231.text=keytext20
event.231.oid=1.3.6.1.4.1.3183.1.1.0.1994624

event.232.family=ASF
event.232.keyword.0=keysystem
event.232.keyword.1=keyos
event.232.keyword.2=keyboot
event.232.text=keytext20
event.232.oid=1.3.6.1.4.1.3183.1.1.0.1994625

event.233.family=ASF
event.233.keyword.0=keysystem
event.233.keyword.1=keyos
event.233.keyword.2=keyboot
event.233.text=keytext20
event.233.oid=1.3.6.1.4.1.3183.1.1.0.1994626

event.234.family=ASF
event.234.keyword.0=keysystem
event.234.keyword.1=keyos
event.234.keyword.2=keyboot
event.234.text=keytext20
event.234.oid=1.3.6.1.4.1.3183.1.1.0.1994627

event.235.family=ASF
event.235.keyword.0=keysystem
event.235.keyword.1=keyos
event.235.keyword.2=keyboot
event.235.text=keytext20
event.235.oid=1.3.6.1.4.1.3183.1.1.0.1994628
# 1994628 - 0x1E6F84 - Boot Error (Recovery)

event.bundle=com.ibm.sysmgt.app.mpa.events.PETResources
